0 verbose cli /opt/homebrew/Cellar/node/24.8.0/bin/node /opt/homebrew/bin/npm
1 info using npm@11.6.0
2 info using node@v24.8.0
3 silly config load:file:/opt/homebrew/lib/node_modules/npm/npmrc
4 silly config load:file:/Users/suhaasbandari/Desktop/Projects/html demo/product-catalog-react/.npmrc
5 silly config load:file:/Users/suhaasbandari/.npmrc
6 verbose config error loading user config Error: EPERM: operation not permitted, open '/Users/suhaasbandari/.npmrc'
6 verbose config     at async open (node:internal/fs/promises:642:25)
6 verbose config     at async readFile (node:internal/fs/promises:1279:14)
6 verbose config     at async #loadFile (/opt/homebrew/lib/node_modules/npm/node_modules/@npmcli/config/lib/index.js:635:5)
6 verbose config     at async Config.load (/opt/homebrew/lib/node_modules/npm/node_modules/@npmcli/config/lib/index.js:259:5)
6 verbose config     at async #load (/opt/homebrew/lib/node_modules/npm/lib/npm.js:99:5)
6 verbose config     at async Npm.load (/opt/homebrew/lib/node_modules/npm/lib/npm.js:81:14)
6 verbose config     at async module.exports (/opt/homebrew/lib/node_modules/npm/lib/cli/entry.js:35:37) {
6 verbose config   errno: -1,
6 verbose config   code: 'EPERM',
6 verbose config   syscall: 'open',
6 verbose config   path: '/Users/suhaasbandari/.npmrc'
6 verbose config }
7 silly config load:file:/opt/homebrew/etc/npmrc
8 verbose title npm install
9 verbose argv "install" "--cache" "./npm-cache"
10 verbose logfile logs-max:10 dir:/Users/suhaasbandari/Desktop/Projects/html demo/product-catalog-react/npm-cache/_logs/2026-07-25T09_28_33_864Z-
11 verbose logfile /Users/suhaasbandari/Desktop/Projects/html demo/product-catalog-react/npm-cache/_logs/2026-07-25T09_28_33_864Z-debug-0.log
12 silly logfile done cleaning log files
13 silly packumentCache heap:2348810240 maxSize:587202560 maxEntrySize:293601280
14 silly idealTree buildDeps
15 silly fetch manifest @reduxjs/toolkit@^1.9.5
16 silly packumentCache full:https://registry.npmjs.org/@reduxjs%2ftoolkit cache-miss
17 verbose shrinkwrap failed to load node_modules/.package-lock.json out of date, updated: node_modules
18 http fetch GET 200 https://registry.npmjs.org/npm 215ms
19 http fetch GET 200 https://registry.npmjs.org/@reduxjs%2ftoolkit 187ms (cache miss)
20 silly packumentCache full:https://registry.npmjs.org/@reduxjs%2ftoolkit set size:undefined disposed:false
21 silly fetch manifest react@^18.3.1
22 silly packumentCache full:https://registry.npmjs.org/react cache-miss
23 http fetch GET 200 https://registry.npmjs.org/react 243ms (cache miss)
24 silly packumentCache full:https://registry.npmjs.org/react set size:undefined disposed:false
25 silly fetch manifest react-redux@^8.1.2
26 silly packumentCache full:https://registry.npmjs.org/react-redux cache-miss
27 http fetch GET 200 https://registry.npmjs.org/react-redux 47ms (cache miss)
28 silly packumentCache full:https://registry.npmjs.org/react-redux set size:undefined disposed:false
29 silly fetch manifest @types/react@^16.8 || ^17.0 || ^18.0
30 silly packumentCache full:https://registry.npmjs.org/@types%2freact cache-miss
31 http fetch GET 200 https://registry.npmjs.org/@types%2freact 120ms (cache miss)
32 silly packumentCache full:https://registry.npmjs.org/@types%2freact set size:undefined disposed:false
33 silly fetch manifest @types/react-dom@^16.8 || ^17.0 || ^18.0
34 silly packumentCache full:https://registry.npmjs.org/@types%2freact-dom cache-miss
35 http fetch GET 200 https://registry.npmjs.org/@types%2freact-dom 508ms (cache miss)
36 silly packumentCache full:https://registry.npmjs.org/@types%2freact-dom set size:undefined disposed:false
37 silly fetch manifest react-dom@^18.3.1
38 silly packumentCache full:https://registry.npmjs.org/react-dom cache-miss
39 http fetch GET 200 https://registry.npmjs.org/react-dom 264ms (cache miss)
40 silly packumentCache full:https://registry.npmjs.org/react-dom set size:undefined disposed:false
41 silly fetch manifest react-native@>=0.59
42 silly packumentCache full:https://registry.npmjs.org/react-native cache-miss
43 http fetch GET 200 https://registry.npmjs.org/react-native 289ms (cache miss)
44 silly packumentCache full:https://registry.npmjs.org/react-native set size:undefined disposed:false
45 silly fetch manifest @react-native/jest-preset@0.86.0
46 silly packumentCache full:https://registry.npmjs.org/@react-native%2fjest-preset cache-miss
47 http fetch GET 200 https://registry.npmjs.org/@react-native%2fjest-preset 70ms (cache miss)
48 silly packumentCache full:https://registry.npmjs.org/@react-native%2fjest-preset set size:undefined disposed:false
49 silly fetch manifest react@^19.2.3
50 silly packumentCache full:https://registry.npmjs.org/react cache-miss
51 http cache https://registry.npmjs.org/react 19ms (cache hit)
52 silly packumentCache full:https://registry.npmjs.org/react set size:6830011 disposed:false
53 silly fetch manifest @types/react@^19.1.1
54 silly packumentCache full:https://registry.npmjs.org/@types%2freact cache-miss
55 http cache https://registry.npmjs.org/@types%2freact 7ms (cache hit)
56 silly packumentCache full:https://registry.npmjs.org/@types%2freact set size:2632776 disposed:false
57 silly fetch manifest redux@^4 || ^5.0.0-beta.0
58 silly packumentCache full:https://registry.npmjs.org/redux cache-miss
59 http fetch GET 200 https://registry.npmjs.org/redux 53ms (cache miss)
60 silly packumentCache full:https://registry.npmjs.org/redux set size:undefined disposed:false
61 silly placeDep ROOT @reduxjs/toolkit@1.9.7 OK for: shop-now-react@1.0.0 want: ^1.9.5
62 silly placeDep ROOT react-redux@8.1.3 OK for: shop-now-react@1.0.0 want: ^8.1.2
63 silly fetch manifest immer@^9.0.21
64 silly packumentCache full:https://registry.npmjs.org/immer cache-miss
65 silly fetch manifest redux@^4.2.1
66 silly packumentCache full:https://registry.npmjs.org/redux cache-miss
67 silly fetch manifest reselect@^4.1.8
68 silly packumentCache full:https://registry.npmjs.org/reselect cache-miss
69 silly fetch manifest redux-thunk@^2.4.2
70 silly packumentCache full:https://registry.npmjs.org/redux-thunk cache-miss
71 silly fetch manifest react-is@^18.0.0
72 silly packumentCache full:https://registry.npmjs.org/react-is cache-miss
73 silly fetch manifest @babel/runtime@^7.12.1
74 silly packumentCache full:https://registry.npmjs.org/@babel%2fruntime cache-miss
75 silly fetch manifest hoist-non-react-statics@^3.3.2
76 silly packumentCache full:https://registry.npmjs.org/hoist-non-react-statics cache-miss
77 http cache https://registry.npmjs.org/redux 8ms (cache hit)
78 silly packumentCache full:https://registry.npmjs.org/redux set size:553833 disposed:false
79 silly fetch manifest use-sync-external-store@^1.0.0
80 silly packumentCache full:https://registry.npmjs.org/use-sync-external-store cache-miss
81 http fetch GET 200 https://registry.npmjs.org/immer 64ms (cache miss)
82 silly packumentCache full:https://registry.npmjs.org/immer set size:undefined disposed:false
83 silly fetch manifest @types/hoist-non-react-statics@^3.3.1
84 silly packumentCache full:https://registry.npmjs.org/@types%2fhoist-non-react-statics cache-miss
85 http fetch GET 200 https://registry.npmjs.org/hoist-non-react-statics 124ms (cache miss)
86 silly packumentCache full:https://registry.npmjs.org/hoist-non-react-statics set size:undefined disposed:false
87 silly fetch manifest @types/use-sync-external-store@^0.0.3
88 silly packumentCache full:https://registry.npmjs.org/@types%2fuse-sync-external-store cache-miss
89 http fetch GET 200 https://registry.npmjs.org/@types%2fuse-sync-external-store 45ms (cache miss)
90 silly packumentCache full:https://registry.npmjs.org/@types%2fuse-sync-external-store set size:undefined disposed:false
91 http fetch GET 200 https://registry.npmjs.org/reselect 289ms (cache miss)
92 silly packumentCache full:https://registry.npmjs.org/reselect set size:undefined disposed:false
93 http fetch GET 200 https://registry.npmjs.org/react-is 311ms (cache miss)
94 silly packumentCache full:https://registry.npmjs.org/react-is set size:undefined disposed:false
95 http fetch GET 200 https://registry.npmjs.org/@babel%2fruntime 344ms (cache miss)
96 silly packumentCache full:https://registry.npmjs.org/@babel%2fruntime set size:undefined disposed:false
97 http fetch GET 200 https://registry.npmjs.org/redux-thunk 363ms (cache miss)
98 silly packumentCache full:https://registry.npmjs.org/redux-thunk set size:undefined disposed:false
99 http fetch GET 200 https://registry.npmjs.org/use-sync-external-store 508ms (cache miss)
100 silly packumentCache full:https://registry.npmjs.org/use-sync-external-store set size:undefined disposed:false
101 http fetch GET 200 https://registry.npmjs.org/@types%2fhoist-non-react-statics 589ms (cache miss)
102 silly packumentCache full:https://registry.npmjs.org/@types%2fhoist-non-react-statics set size:undefined disposed:false
103 silly placeDep ROOT immer@9.0.21 OK for: @reduxjs/toolkit@1.9.7 want: ^9.0.21
104 silly placeDep ROOT redux@4.2.1 OK for: @reduxjs/toolkit@1.9.7 want: ^4.2.1
105 silly placeDep ROOT redux-thunk@2.4.2 OK for: @reduxjs/toolkit@1.9.7 want: ^2.4.2
106 silly placeDep ROOT reselect@4.1.8 OK for: @reduxjs/toolkit@1.9.7 want: ^4.1.8
107 silly fetch manifest @babel/runtime@^7.9.2
108 silly packumentCache full:https://registry.npmjs.org/@babel%2fruntime cache-miss
109 http cache https://registry.npmjs.org/@babel%2fruntime 6ms (cache hit)
110 silly packumentCache full:https://registry.npmjs.org/@babel%2fruntime set size:3471810 disposed:false
111 silly fetch manifest react@^16.8 || ^17.0 || ^18.0
112 silly packumentCache full:https://registry.npmjs.org/react cache-miss
113 http cache https://registry.npmjs.org/react 11ms (cache hit)
114 silly packumentCache full:https://registry.npmjs.org/react set size:6830011 disposed:false
115 silly placeDep ROOT @babel/runtime@7.29.7 OK for: react-redux@8.1.3 want: ^7.12.1
116 silly placeDep ROOT @types/hoist-non-react-statics@3.3.7 OK for: react-redux@8.1.3 want: ^3.3.1
117 silly placeDep ROOT @types/react@18.3.31 OK for: @types/hoist-non-react-statics@3.3.7 want: *
118 silly placeDep ROOT @types/use-sync-external-store@0.0.3 OK for: react-redux@8.1.3 want: ^0.0.3
119 silly placeDep ROOT hoist-non-react-statics@3.3.2 OK for: react-redux@8.1.3 want: ^3.3.2
120 silly placeDep ROOT react-is@18.3.1 OK for: react-redux@8.1.3 want: ^18.0.0
121 silly placeDep ROOT use-sync-external-store@1.6.0 OK for: react-redux@8.1.3 want: ^1.0.0
122 silly fetch manifest hoist-non-react-statics@^3.3.0
123 silly packumentCache full:https://registry.npmjs.org/hoist-non-react-statics cache-miss
124 silly fetch manifest csstype@^3.2.2
125 silly packumentCache full:https://registry.npmjs.org/csstype cache-miss
126 silly fetch manifest @types/prop-types@*
127 silly packumentCache full:https://registry.npmjs.org/@types%2fprop-types cache-miss
128 silly fetch manifest react-is@^16.7.0
129 silly packumentCache full:https://registry.npmjs.org/react-is cache-miss
130 http cache https://registry.npmjs.org/hoist-non-react-statics 5ms (cache hit)
131 silly packumentCache full:https://registry.npmjs.org/hoist-non-react-statics set size:97044 disposed:false
132 http cache https://registry.npmjs.org/react-is 11ms (cache hit)
133 silly packumentCache full:https://registry.npmjs.org/react-is set size:5525939 disposed:false
134 http fetch GET 200 https://registry.npmjs.org/@types%2fprop-types 49ms (cache miss)
135 silly packumentCache full:https://registry.npmjs.org/@types%2fprop-types set size:undefined disposed:false
136 http fetch GET 200 https://registry.npmjs.org/csstype 51ms (cache miss)
137 silly packumentCache full:https://registry.npmjs.org/csstype set size:undefined disposed:false
138 silly placeDep ROOT @types/prop-types@15.7.15 OK for: @types/react@18.3.31 want: *
139 silly placeDep ROOT csstype@3.2.3 OK for: @types/react@18.3.31 want: ^3.2.2
140 silly placeDep node_modules/hoist-non-react-statics react-is@16.13.1 OK for: hoist-non-react-statics@3.3.2 want: ^16.7.0
141 silly reify moves {}
142 silly audit bulk request {
142 silly audit   '@babel/code-frame': [ '7.29.7' ],
142 silly audit   '@babel/compat-data': [ '7.29.7' ],
142 silly audit   '@babel/core': [ '7.29.7' ],
142 silly audit   '@babel/generator': [ '7.29.7' ],
142 silly audit   '@babel/helper-compilation-targets': [ '7.29.7' ],
142 silly audit   '@babel/helper-globals': [ '7.29.7' ],
142 silly audit   '@babel/helper-module-imports': [ '7.29.7' ],
142 silly audit   '@babel/helper-module-transforms': [ '7.29.7' ],
142 silly audit   '@babel/helper-plugin-utils': [ '7.29.7' ],
142 silly audit   '@babel/helper-string-parser': [ '7.29.7' ],
142 silly audit   '@babel/helper-validator-identifier': [ '7.29.7' ],
142 silly audit   '@babel/helper-validator-option': [ '7.29.7' ],
142 silly audit   '@babel/helpers': [ '7.29.7' ],
142 silly audit   '@babel/parser': [ '7.29.7' ],
142 silly audit   '@babel/plugin-transform-react-jsx-self': [ '7.29.7' ],
142 silly audit   '@babel/plugin-transform-react-jsx-source': [ '7.29.7' ],
142 silly audit   '@babel/template': [ '7.29.7' ],
142 silly audit   '@babel/traverse': [ '7.29.7' ],
142 silly audit   '@babel/types': [ '7.29.7' ],
142 silly audit   '@esbuild/aix-ppc64': [ '0.21.5' ],
142 silly audit   '@esbuild/android-arm': [ '0.21.5' ],
142 silly audit   '@esbuild/android-arm64': [ '0.21.5' ],
142 silly audit   '@esbuild/android-x64': [ '0.21.5' ],
142 silly audit   '@esbuild/darwin-arm64': [ '0.21.5' ],
142 silly audit   '@esbuild/darwin-x64': [ '0.21.5' ],
142 silly audit   '@esbuild/freebsd-arm64': [ '0.21.5' ],
142 silly audit   '@esbuild/freebsd-x64': [ '0.21.5' ],
142 silly audit   '@esbuild/linux-arm': [ '0.21.5' ],
142 silly audit   '@esbuild/linux-arm64': [ '0.21.5' ],
142 silly audit   '@esbuild/linux-ia32': [ '0.21.5' ],
142 silly audit   '@esbuild/linux-loong64': [ '0.21.5' ],
142 silly audit   '@esbuild/linux-mips64el': [ '0.21.5' ],
142 silly audit   '@esbuild/linux-ppc64': [ '0.21.5' ],
142 silly audit   '@esbuild/linux-riscv64': [ '0.21.5' ],
142 silly audit   '@esbuild/linux-s390x': [ '0.21.5' ],
142 silly audit   '@esbuild/linux-x64': [ '0.21.5' ],
142 silly audit   '@esbuild/netbsd-x64': [ '0.21.5' ],
142 silly audit   '@esbuild/openbsd-x64': [ '0.21.5' ],
142 silly audit   '@esbuild/sunos-x64': [ '0.21.5' ],
142 silly audit   '@esbuild/win32-arm64': [ '0.21.5' ],
142 silly audit   '@esbuild/win32-ia32': [ '0.21.5' ],
142 silly audit   '@esbuild/win32-x64': [ '0.21.5' ],
142 silly audit   '@jridgewell/gen-mapping': [ '0.3.13' ],
142 silly audit   '@jridgewell/remapping': [ '2.3.5' ],
142 silly audit   '@jridgewell/resolve-uri': [ '3.1.2' ],
142 silly audit   '@jridgewell/sourcemap-codec': [ '1.5.5' ],
142 silly audit   '@jridgewell/trace-mapping': [ '0.3.31' ],
142 silly audit   '@remix-run/router': [ '1.23.3' ],
142 silly audit   '@rolldown/pluginutils': [ '1.0.0-beta.27' ],
142 silly audit   '@rollup/rollup-android-arm-eabi': [ '4.62.2' ],
142 silly audit   '@rollup/rollup-android-arm64': [ '4.62.2' ],
142 silly audit   '@rollup/rollup-darwin-arm64': [ '4.62.2' ],
142 silly audit   '@rollup/rollup-darwin-x64': [ '4.62.2' ],
142 silly audit   '@rollup/rollup-freebsd-arm64': [ '4.62.2' ],
142 silly audit   '@rollup/rollup-freebsd-x64': [ '4.62.2' ],
142 silly audit   '@rollup/rollup-linux-arm-gnueabihf': [ '4.62.2' ],
142 silly audit   '@rollup/rollup-linux-arm-musleabihf': [ '4.62.2' ],
142 silly audit   '@rollup/rollup-linux-arm64-gnu': [ '4.62.2' ],
142 silly audit   '@rollup/rollup-linux-arm64-musl': [ '4.62.2' ],
142 silly audit   '@rollup/rollup-linux-loong64-gnu': [ '4.62.2' ],
142 silly audit   '@rollup/rollup-linux-loong64-musl': [ '4.62.2' ],
142 silly audit   '@rollup/rollup-linux-ppc64-gnu': [ '4.62.2' ],
142 silly audit   '@rollup/rollup-linux-ppc64-musl': [ '4.62.2' ],
142 silly audit   '@rollup/rollup-linux-riscv64-gnu': [ '4.62.2' ],
142 silly audit   '@rollup/rollup-linux-riscv64-musl': [ '4.62.2' ],
142 silly audit   '@rollup/rollup-linux-s390x-gnu': [ '4.62.2' ],
142 silly audit   '@rollup/rollup-linux-x64-gnu': [ '4.62.2' ],
142 silly audit   '@rollup/rollup-linux-x64-musl': [ '4.62.2' ],
142 silly audit   '@rollup/rollup-openbsd-x64': [ '4.62.2' ],
142 silly audit   '@rollup/rollup-openharmony-arm64': [ '4.62.2' ],
142 silly audit   '@rollup/rollup-win32-arm64-msvc': [ '4.62.2' ],
142 silly audit   '@rollup/rollup-win32-ia32-msvc': [ '4.62.2' ],
142 silly audit   '@rollup/rollup-win32-x64-gnu': [ '4.62.2' ],
142 silly audit   '@rollup/rollup-win32-x64-msvc': [ '4.62.2' ],
142 silly audit   '@types/babel__core': [ '7.20.5' ],
142 silly audit   '@types/babel__generator': [ '7.27.0' ],
142 silly audit   '@types/babel__template': [ '7.4.4' ],
142 silly audit   '@types/babel__traverse': [ '7.28.0' ],
142 silly audit   '@types/estree': [ '1.0.9' ],
142 silly audit   '@vitejs/plugin-react': [ '4.7.0' ],
142 silly audit   'baseline-browser-mapping': [ '2.10.43' ],
142 silly audit   browserslist: [ '4.28.6' ],
142 silly audit   'caniuse-lite': [ '1.0.30001806' ],
142 silly audit   'convert-source-map': [ '2.0.0' ],
142 silly audit   debug: [ '4.4.3' ],
142 silly audit   'electron-to-chromium': [ '1.5.393' ],
142 silly audit   esbuild: [ '0.21.5' ],
142 silly audit   escalade: [ '3.2.0' ],
142 silly audit   fsevents: [ '2.3.3' ],
142 silly audit   gensync: [ '1.0.0-beta.2' ],
142 silly audit   'js-tokens': [ '4.0.0' ],
142 silly audit   jsesc: [ '3.1.0' ],
142 silly audit   json5: [ '2.2.3' ],
142 silly audit   'loose-envify': [ '1.4.0' ],
142 silly audit   'lru-cache': [ '5.1.1' ],
142 silly audit   ms: [ '2.1.3' ],
142 silly audit   nanoid: [ '3.3.16' ],
142 silly audit   'node-releases': [ '2.0.51' ],
142 silly audit   picocolors: [ '1.1.1' ],
142 silly audit   postcss: [ '8.5.19' ],
142 silly audit   react: [ '18.3.1' ],
142 silly audit   'react-dom': [ '18.3.1' ],
142 silly audit   'react-refresh': [ '0.17.0' ],
142 silly audit   'react-router': [ '6.30.4' ],
142 silly audit   'react-router-dom': [ '6.30.4' ],
142 silly audit   rollup: [ '4.62.2' ],
142 silly audit   scheduler: [ '0.23.2' ],
142 silly audit   semver: [ '6.3.1' ],
142 silly audit   'source-map-js': [ '1.2.1' ],
142 silly audit   'update-browserslist-db': [ '1.2.3' ],
142 silly audit   vite: [ '5.4.21' ],
142 silly audit   yallist: [ '3.1.1' ],
142 silly audit   '@reduxjs/toolkit': [ '1.9.7' ],
142 silly audit   'react-redux': [ '8.1.3' ],
142 silly audit   immer: [ '9.0.21' ],
142 silly audit   redux: [ '4.2.1' ],
142 silly audit   'redux-thunk': [ '2.4.2' ],
142 silly audit   reselect: [ '4.1.8' ],
142 silly audit   '@babel/runtime': [ '7.29.7' ],
142 silly audit   '@types/hoist-non-react-statics': [ '3.3.7' ],
142 silly audit   '@types/react': [ '18.3.31' ],
142 silly audit   '@types/use-sync-external-store': [ '0.0.3' ],
142 silly audit   'hoist-non-react-statics': [ '3.3.2' ],
142 silly audit   'react-is': [ '18.3.1', '16.13.1' ],
142 silly audit   'use-sync-external-store': [ '1.6.0' ],
142 silly audit   '@types/prop-types': [ '15.7.15' ],
142 silly audit   csstype: [ '3.2.3' ]
142 silly audit }
143 verbose reify failed optional dependency /Users/suhaasbandari/Desktop/Projects/html demo/product-catalog-react/node_modules/@rollup/rollup-win32-x64-msvc
144 silly reify mark deleted [
144 silly reify   '/Users/suhaasbandari/Desktop/Projects/html demo/product-catalog-react/node_modules/@rollup/rollup-win32-x64-msvc'
144 silly reify ]
145 verbose reify failed optional dependency /Users/suhaasbandari/Desktop/Projects/html demo/product-catalog-react/node_modules/@rollup/rollup-win32-x64-gnu
146 silly reify mark deleted [
146 silly reify   '/Users/suhaasbandari/Desktop/Projects/html demo/product-catalog-react/node_modules/@rollup/rollup-win32-x64-gnu'
146 silly reify ]
147 verbose reify failed optional dependency /Users/suhaasbandari/Desktop/Projects/html demo/product-catalog-react/node_modules/@rollup/rollup-win32-ia32-msvc
148 silly reify mark deleted [
148 silly reify   '/Users/suhaasbandari/Desktop/Projects/html demo/product-catalog-react/node_modules/@rollup/rollup-win32-ia32-msvc'
148 silly reify ]
149 verbose reify failed optional dependency /Users/suhaasbandari/Desktop/Projects/html demo/product-catalog-react/node_modules/@rollup/rollup-win32-arm64-msvc
150 silly reify mark deleted [
150 silly reify   '/Users/suhaasbandari/Desktop/Projects/html demo/product-catalog-react/node_modules/@rollup/rollup-win32-arm64-msvc'
150 silly reify ]
151 verbose reify failed optional dependency /Users/suhaasbandari/Desktop/Projects/html demo/product-catalog-react/node_modules/@rollup/rollup-openharmony-arm64
152 silly reify mark deleted [
152 silly reify   '/Users/suhaasbandari/Desktop/Projects/html demo/product-catalog-react/node_modules/@rollup/rollup-openharmony-arm64'
152 silly reify ]
153 verbose reify failed optional dependency /Users/suhaasbandari/Desktop/Projects/html demo/product-catalog-react/node_modules/@rollup/rollup-openbsd-x64
154 silly reify mark deleted [
154 silly reify   '/Users/suhaasbandari/Desktop/Projects/html demo/product-catalog-react/node_modules/@rollup/rollup-openbsd-x64'
154 silly reify ]
155 verbose reify failed optional dependency /Users/suhaasbandari/Desktop/Projects/html demo/product-catalog-react/node_modules/@rollup/rollup-linux-x64-musl
156 silly reify mark deleted [
156 silly reify   '/Users/suhaasbandari/Desktop/Projects/html demo/product-catalog-react/node_modules/@rollup/rollup-linux-x64-musl'
156 silly reify ]
157 verbose reify failed optional dependency /Users/suhaasbandari/Desktop/Projects/html demo/product-catalog-react/node_modules/@rollup/rollup-linux-x64-gnu
158 silly reify mark deleted [
158 silly reify   '/Users/suhaasbandari/Desktop/Projects/html demo/product-catalog-react/node_modules/@rollup/rollup-linux-x64-gnu'
158 silly reify ]
159 verbose reify failed optional dependency /Users/suhaasbandari/Desktop/Projects/html demo/product-catalog-react/node_modules/@rollup/rollup-linux-s390x-gnu
160 silly reify mark deleted [
160 silly reify   '/Users/suhaasbandari/Desktop/Projects/html demo/product-catalog-react/node_modules/@rollup/rollup-linux-s390x-gnu'
160 silly reify ]
161 verbose reify failed optional dependency /Users/suhaasbandari/Desktop/Projects/html demo/product-catalog-react/node_modules/@rollup/rollup-linux-riscv64-musl
162 silly reify mark deleted [
162 silly reify   '/Users/suhaasbandari/Desktop/Projects/html demo/product-catalog-react/node_modules/@rollup/rollup-linux-riscv64-musl'
162 silly reify ]
163 verbose reify failed optional dependency /Users/suhaasbandari/Desktop/Projects/html demo/product-catalog-react/node_modules/@rollup/rollup-linux-riscv64-gnu
164 silly reify mark deleted [
164 silly reify   '/Users/suhaasbandari/Desktop/Projects/html demo/product-catalog-react/node_modules/@rollup/rollup-linux-riscv64-gnu'
164 silly reify ]
165 verbose reify failed optional dependency /Users/suhaasbandari/Desktop/Projects/html demo/product-catalog-react/node_modules/@rollup/rollup-linux-ppc64-musl
166 silly reify mark deleted [
166 silly reify   '/Users/suhaasbandari/Desktop/Projects/html demo/product-catalog-react/node_modules/@rollup/rollup-linux-ppc64-musl'
166 silly reify ]
167 verbose reify failed optional dependency /Users/suhaasbandari/Desktop/Projects/html demo/product-catalog-react/node_modules/@rollup/rollup-linux-ppc64-gnu
168 silly reify mark deleted [
168 silly reify   '/Users/suhaasbandari/Desktop/Projects/html demo/product-catalog-react/node_modules/@rollup/rollup-linux-ppc64-gnu'
168 silly reify ]
169 verbose reify failed optional dependency /Users/suhaasbandari/Desktop/Projects/html demo/product-catalog-react/node_modules/@rollup/rollup-linux-loong64-musl
170 silly reify mark deleted [
170 silly reify   '/Users/suhaasbandari/Desktop/Projects/html demo/product-catalog-react/node_modules/@rollup/rollup-linux-loong64-musl'
170 silly reify ]
171 verbose reify failed optional dependency /Users/suhaasbandari/Desktop/Projects/html demo/product-catalog-react/node_modules/@rollup/rollup-linux-loong64-gnu
172 silly reify mark deleted [
172 silly reify   '/Users/suhaasbandari/Desktop/Projects/html demo/product-catalog-react/node_modules/@rollup/rollup-linux-loong64-gnu'
172 silly reify ]
173 verbose reify failed optional dependency /Users/suhaasbandari/Desktop/Projects/html demo/product-catalog-react/node_modules/@rollup/rollup-linux-arm64-musl
174 silly reify mark deleted [
174 silly reify   '/Users/suhaasbandari/Desktop/Projects/html demo/product-catalog-react/node_modules/@rollup/rollup-linux-arm64-musl'
174 silly reify ]
175 verbose reify failed optional dependency /Users/suhaasbandari/Desktop/Projects/html demo/product-catalog-react/node_modules/@rollup/rollup-linux-arm64-gnu
176 silly reify mark deleted [
176 silly reify   '/Users/suhaasbandari/Desktop/Projects/html demo/product-catalog-react/node_modules/@rollup/rollup-linux-arm64-gnu'
176 silly reify ]
177 verbose reify failed optional dependency /Users/suhaasbandari/Desktop/Projects/html demo/product-catalog-react/node_modules/@rollup/rollup-linux-arm-musleabihf
178 silly reify mark deleted [
178 silly reify   '/Users/suhaasbandari/Desktop/Projects/html demo/product-catalog-react/node_modules/@rollup/rollup-linux-arm-musleabihf'
178 silly reify ]
179 verbose reify failed optional dependency /Users/suhaasbandari/Desktop/Projects/html demo/product-catalog-react/node_modules/@rollup/rollup-linux-arm-gnueabihf
180 silly reify mark deleted [
180 silly reify   '/Users/suhaasbandari/Desktop/Projects/html demo/product-catalog-react/node_modules/@rollup/rollup-linux-arm-gnueabihf'
180 silly reify ]
181 verbose reify failed optional dependency /Users/suhaasbandari/Desktop/Projects/html demo/product-catalog-react/node_modules/@rollup/rollup-freebsd-x64
182 silly reify mark deleted [
182 silly reify   '/Users/suhaasbandari/Desktop/Projects/html demo/product-catalog-react/node_modules/@rollup/rollup-freebsd-x64'
182 silly reify ]
183 verbose reify failed optional dependency /Users/suhaasbandari/Desktop/Projects/html demo/product-catalog-react/node_modules/@rollup/rollup-freebsd-arm64
184 silly reify mark deleted [
184 silly reify   '/Users/suhaasbandari/Desktop/Projects/html demo/product-catalog-react/node_modules/@rollup/rollup-freebsd-arm64'
184 silly reify ]
185 verbose reify failed optional dependency /Users/suhaasbandari/Desktop/Projects/html demo/product-catalog-react/node_modules/@rollup/rollup-darwin-x64
186 silly reify mark deleted [
186 silly reify   '/Users/suhaasbandari/Desktop/Projects/html demo/product-catalog-react/node_modules/@rollup/rollup-darwin-x64'
186 silly reify ]
187 verbose reify failed optional dependency /Users/suhaasbandari/Desktop/Projects/html demo/product-catalog-react/node_modules/@rollup/rollup-android-arm64
188 silly reify mark deleted [
188 silly reify   '/Users/suhaasbandari/Desktop/Projects/html demo/product-catalog-react/node_modules/@rollup/rollup-android-arm64'
188 silly reify ]
189 verbose reify failed optional dependency /Users/suhaasbandari/Desktop/Projects/html demo/product-catalog-react/node_modules/@rollup/rollup-android-arm-eabi
190 silly reify mark deleted [
190 silly reify   '/Users/suhaasbandari/Desktop/Projects/html demo/product-catalog-react/node_modules/@rollup/rollup-android-arm-eabi'
190 silly reify ]
191 verbose reify failed optional dependency /Users/suhaasbandari/Desktop/Projects/html demo/product-catalog-react/node_modules/@esbuild/win32-x64
192 silly reify mark deleted [
192 silly reify   '/Users/suhaasbandari/Desktop/Projects/html demo/product-catalog-react/node_modules/@esbuild/win32-x64'
192 silly reify ]
193 verbose reify failed optional dependency /Users/suhaasbandari/Desktop/Projects/html demo/product-catalog-react/node_modules/@esbuild/win32-ia32
194 silly reify mark deleted [
194 silly reify   '/Users/suhaasbandari/Desktop/Projects/html demo/product-catalog-react/node_modules/@esbuild/win32-ia32'
194 silly reify ]
195 verbose reify failed optional dependency /Users/suhaasbandari/Desktop/Projects/html demo/product-catalog-react/node_modules/@esbuild/win32-arm64
196 silly reify mark deleted [
196 silly reify   '/Users/suhaasbandari/Desktop/Projects/html demo/product-catalog-react/node_modules/@esbuild/win32-arm64'
196 silly reify ]
197 verbose reify failed optional dependency /Users/suhaasbandari/Desktop/Projects/html demo/product-catalog-react/node_modules/@esbuild/sunos-x64
198 silly reify mark deleted [
198 silly reify   '/Users/suhaasbandari/Desktop/Projects/html demo/product-catalog-react/node_modules/@esbuild/sunos-x64'
198 silly reify ]
199 verbose reify failed optional dependency /Users/suhaasbandari/Desktop/Projects/html demo/product-catalog-react/node_modules/@esbuild/openbsd-x64
200 silly reify mark deleted [
200 silly reify   '/Users/suhaasbandari/Desktop/Projects/html demo/product-catalog-react/node_modules/@esbuild/openbsd-x64'
200 silly reify ]
201 verbose reify failed optional dependency /Users/suhaasbandari/Desktop/Projects/html demo/product-catalog-react/node_modules/@esbuild/netbsd-x64
202 silly reify mark deleted [
202 silly reify   '/Users/suhaasbandari/Desktop/Projects/html demo/product-catalog-react/node_modules/@esbuild/netbsd-x64'
202 silly reify ]
203 verbose reify failed optional dependency /Users/suhaasbandari/Desktop/Projects/html demo/product-catalog-react/node_modules/@esbuild/linux-x64
204 silly reify mark deleted [
204 silly reify   '/Users/suhaasbandari/Desktop/Projects/html demo/product-catalog-react/node_modules/@esbuild/linux-x64'
204 silly reify ]
205 verbose reify failed optional dependency /Users/suhaasbandari/Desktop/Projects/html demo/product-catalog-react/node_modules/@esbuild/linux-s390x
206 silly reify mark deleted [
206 silly reify   '/Users/suhaasbandari/Desktop/Projects/html demo/product-catalog-react/node_modules/@esbuild/linux-s390x'
206 silly reify ]
207 verbose reify failed optional dependency /Users/suhaasbandari/Desktop/Projects/html demo/product-catalog-react/node_modules/@esbuild/linux-riscv64
208 silly reify mark deleted [
208 silly reify   '/Users/suhaasbandari/Desktop/Projects/html demo/product-catalog-react/node_modules/@esbuild/linux-riscv64'
208 silly reify ]
209 verbose reify failed optional dependency /Users/suhaasbandari/Desktop/Projects/html demo/product-catalog-react/node_modules/@esbuild/linux-ppc64
210 silly reify mark deleted [
210 silly reify   '/Users/suhaasbandari/Desktop/Projects/html demo/product-catalog-react/node_modules/@esbuild/linux-ppc64'
210 silly reify ]
211 verbose reify failed optional dependency /Users/suhaasbandari/Desktop/Projects/html demo/product-catalog-react/node_modules/@esbuild/linux-mips64el
212 silly reify mark deleted [
212 silly reify   '/Users/suhaasbandari/Desktop/Projects/html demo/product-catalog-react/node_modules/@esbuild/linux-mips64el'
212 silly reify ]
213 verbose reify failed optional dependency /Users/suhaasbandari/Desktop/Projects/html demo/product-catalog-react/node_modules/@esbuild/linux-loong64
214 silly reify mark deleted [
214 silly reify   '/Users/suhaasbandari/Desktop/Projects/html demo/product-catalog-react/node_modules/@esbuild/linux-loong64'
214 silly reify ]
215 verbose reify failed optional dependency /Users/suhaasbandari/Desktop/Projects/html demo/product-catalog-react/node_modules/@esbuild/linux-ia32
216 silly reify mark deleted [
216 silly reify   '/Users/suhaasbandari/Desktop/Projects/html demo/product-catalog-react/node_modules/@esbuild/linux-ia32'
216 silly reify ]
217 verbose reify failed optional dependency /Users/suhaasbandari/Desktop/Projects/html demo/product-catalog-react/node_modules/@esbuild/linux-arm64
218 silly reify mark deleted [
218 silly reify   '/Users/suhaasbandari/Desktop/Projects/html demo/product-catalog-react/node_modules/@esbuild/linux-arm64'
218 silly reify ]
219 verbose reify failed optional dependency /Users/suhaasbandari/Desktop/Projects/html demo/product-catalog-react/node_modules/@esbuild/linux-arm
220 silly reify mark deleted [
220 silly reify   '/Users/suhaasbandari/Desktop/Projects/html demo/product-catalog-react/node_modules/@esbuild/linux-arm'
220 silly reify ]
221 verbose reify failed optional dependency /Users/suhaasbandari/Desktop/Projects/html demo/product-catalog-react/node_modules/@esbuild/freebsd-x64
222 silly reify mark deleted [
222 silly reify   '/Users/suhaasbandari/Desktop/Projects/html demo/product-catalog-react/node_modules/@esbuild/freebsd-x64'
222 silly reify ]
223 verbose reify failed optional dependency /Users/suhaasbandari/Desktop/Projects/html demo/product-catalog-react/node_modules/@esbuild/freebsd-arm64
224 silly reify mark deleted [
224 silly reify   '/Users/suhaasbandari/Desktop/Projects/html demo/product-catalog-react/node_modules/@esbuild/freebsd-arm64'
224 silly reify ]
225 verbose reify failed optional dependency /Users/suhaasbandari/Desktop/Projects/html demo/product-catalog-react/node_modules/@esbuild/darwin-x64
226 silly reify mark deleted [
226 silly reify   '/Users/suhaasbandari/Desktop/Projects/html demo/product-catalog-react/node_modules/@esbuild/darwin-x64'
226 silly reify ]
227 verbose reify failed optional dependency /Users/suhaasbandari/Desktop/Projects/html demo/product-catalog-react/node_modules/@esbuild/android-x64
228 silly reify mark deleted [
228 silly reify   '/Users/suhaasbandari/Desktop/Projects/html demo/product-catalog-react/node_modules/@esbuild/android-x64'
228 silly reify ]
229 verbose reify failed optional dependency /Users/suhaasbandari/Desktop/Projects/html demo/product-catalog-react/node_modules/@esbuild/android-arm64
230 silly reify mark deleted [
230 silly reify   '/Users/suhaasbandari/Desktop/Projects/html demo/product-catalog-react/node_modules/@esbuild/android-arm64'
230 silly reify ]
231 verbose reify failed optional dependency /Users/suhaasbandari/Desktop/Projects/html demo/product-catalog-react/node_modules/@esbuild/android-arm
232 silly reify mark deleted [
232 silly reify   '/Users/suhaasbandari/Desktop/Projects/html demo/product-catalog-react/node_modules/@esbuild/android-arm'
232 silly reify ]
233 verbose reify failed optional dependency /Users/suhaasbandari/Desktop/Projects/html demo/product-catalog-react/node_modules/@esbuild/aix-ppc64
234 silly reify mark deleted [
234 silly reify   '/Users/suhaasbandari/Desktop/Projects/html demo/product-catalog-react/node_modules/@esbuild/aix-ppc64'
234 silly reify ]
235 http cache @types/prop-types@https://registry.npmjs.org/@types/prop-types/-/prop-types-15.7.15.tgz 0ms (cache hit)
236 http cache react-is@https://registry.npmjs.org/react-is/-/react-is-18.3.1.tgz 0ms (cache hit)
237 http cache hoist-non-react-statics@https://registry.npmjs.org/hoist-non-react-statics/-/hoist-non-react-statics-3.3.2.tgz 0ms (cache hit)
238 http cache @types/use-sync-external-store@https://registry.npmjs.org/@types/use-sync-external-store/-/use-sync-external-store-0.0.3.tgz 0ms (cache hit)
239 http cache @types/react@https://registry.npmjs.org/@types/react/-/react-18.3.31.tgz 0ms (cache hit)
240 http cache @types/hoist-non-react-statics@https://registry.npmjs.org/@types/hoist-non-react-statics/-/hoist-non-react-statics-3.3.7.tgz 0ms (cache hit)
241 http cache @babel/runtime@https://registry.npmjs.org/@babel/runtime/-/runtime-7.29.7.tgz 0ms (cache hit)
242 http cache csstype@https://registry.npmjs.org/csstype/-/csstype-3.2.3.tgz 0ms (cache hit)
243 http cache use-sync-external-store@https://registry.npmjs.org/use-sync-external-store/-/use-sync-external-store-1.6.0.tgz 0ms (cache hit)
244 http cache reselect@https://registry.npmjs.org/reselect/-/reselect-4.1.8.tgz 0ms (cache hit)
245 http cache redux@https://registry.npmjs.org/redux/-/redux-4.2.1.tgz 0ms (cache hit)
246 http cache redux-thunk@https://registry.npmjs.org/redux-thunk/-/redux-thunk-2.4.2.tgz 0ms (cache hit)
247 http cache react-redux@https://registry.npmjs.org/react-redux/-/react-redux-8.1.3.tgz 0ms (cache hit)
248 http cache immer@https://registry.npmjs.org/immer/-/immer-9.0.21.tgz 0ms (cache hit)
249 http cache fsevents@https://registry.npmjs.org/fsevents/-/fsevents-2.3.3.tgz 0ms (cache hit)
250 http cache react-is@https://registry.npmjs.org/react-is/-/react-is-16.13.1.tgz 0ms (cache hit)
251 http cache @reduxjs/toolkit@https://registry.npmjs.org/@reduxjs/toolkit/-/toolkit-1.9.7.tgz 0ms (cache hit)
252 silly tarball no local data for @types/prop-types@https://registry.npmjs.org/@types/prop-types/-/prop-types-15.7.15.tgz. Extracting by manifest.
253 silly tarball no local data for react-is@https://registry.npmjs.org/react-is/-/react-is-18.3.1.tgz. Extracting by manifest.
254 silly tarball no local data for hoist-non-react-statics@https://registry.npmjs.org/hoist-non-react-statics/-/hoist-non-react-statics-3.3.2.tgz. Extracting by manifest.
255 silly tarball no local data for @types/use-sync-external-store@https://registry.npmjs.org/@types/use-sync-external-store/-/use-sync-external-store-0.0.3.tgz. Extracting by manifest.
256 silly tarball no local data for @types/react@https://registry.npmjs.org/@types/react/-/react-18.3.31.tgz. Extracting by manifest.
257 silly tarball no local data for @types/hoist-non-react-statics@https://registry.npmjs.org/@types/hoist-non-react-statics/-/hoist-non-react-statics-3.3.7.tgz. Extracting by manifest.
258 silly tarball no local data for @babel/runtime@https://registry.npmjs.org/@babel/runtime/-/runtime-7.29.7.tgz. Extracting by manifest.
259 silly tarball no local data for csstype@https://registry.npmjs.org/csstype/-/csstype-3.2.3.tgz. Extracting by manifest.
260 silly tarball no local data for use-sync-external-store@https://registry.npmjs.org/use-sync-external-store/-/use-sync-external-store-1.6.0.tgz. Extracting by manifest.
261 silly tarball no local data for reselect@https://registry.npmjs.org/reselect/-/reselect-4.1.8.tgz. Extracting by manifest.
262 silly tarball no local data for redux@https://registry.npmjs.org/redux/-/redux-4.2.1.tgz. Extracting by manifest.
263 silly tarball no local data for redux-thunk@https://registry.npmjs.org/redux-thunk/-/redux-thunk-2.4.2.tgz. Extracting by manifest.
264 silly tarball no local data for react-redux@https://registry.npmjs.org/react-redux/-/react-redux-8.1.3.tgz. Extracting by manifest.
265 silly tarball no local data for immer@https://registry.npmjs.org/immer/-/immer-9.0.21.tgz. Extracting by manifest.
266 silly tarball no local data for fsevents@https://registry.npmjs.org/fsevents/-/fsevents-2.3.3.tgz. Extracting by manifest.
267 silly tarball no local data for react-is@https://registry.npmjs.org/react-is/-/react-is-16.13.1.tgz. Extracting by manifest.
268 silly tarball no local data for @reduxjs/toolkit@https://registry.npmjs.org/@reduxjs/toolkit/-/toolkit-1.9.7.tgz. Extracting by manifest.
269 http fetch GET 200 https://registry.npmjs.org/hoist-non-react-statics/-/hoist-non-react-statics-3.3.2.tgz 53ms (cache miss)
270 http fetch GET 200 https://registry.npmjs.org/react-is/-/react-is-18.3.1.tgz 54ms (cache miss)
271 http fetch GET 200 https://registry.npmjs.org/@types/hoist-non-react-statics/-/hoist-non-react-statics-3.3.7.tgz 53ms (cache miss)
272 http fetch GET 200 https://registry.npmjs.org/@types/prop-types/-/prop-types-15.7.15.tgz 55ms (cache miss)
273 http fetch GET 200 https://registry.npmjs.org/@types/react/-/react-18.3.31.tgz 58ms (cache miss)
274 http fetch GET 200 https://registry.npmjs.org/react-is/-/react-is-16.13.1.tgz 66ms (cache miss)
275 http fetch GET 200 https://registry.npmjs.org/fsevents/-/fsevents-2.3.3.tgz 68ms (cache miss)
276 http fetch GET 200 https://registry.npmjs.org/redux-thunk/-/redux-thunk-2.4.2.tgz 86ms (cache miss)
277 http fetch GET 200 https://registry.npmjs.org/csstype/-/csstype-3.2.3.tgz 104ms (cache miss)
278 http fetch GET 200 https://registry.npmjs.org/@babel/runtime/-/runtime-7.29.7.tgz 154ms (cache miss)
279 http fetch GET 200 https://registry.npmjs.org/use-sync-external-store/-/use-sync-external-store-1.6.0.tgz 159ms (cache miss)
280 http fetch GET 200 https://registry.npmjs.org/redux/-/redux-4.2.1.tgz 170ms (cache miss)
281 http fetch GET 200 https://registry.npmjs.org/reselect/-/reselect-4.1.8.tgz 174ms (cache miss)
282 http fetch GET 200 https://registry.npmjs.org/react-redux/-/react-redux-8.1.3.tgz 187ms (cache miss)
283 http fetch GET 200 https://registry.npmjs.org/immer/-/immer-9.0.21.tgz 190ms (cache miss)
284 http fetch POST 200 https://registry.npmjs.org/-/npm/v1/security/advisories/bulk 279ms
285 silly audit report {
285 silly audit report   esbuild: [
285 silly audit report     {
285 silly audit report       id: 1102341,
285 silly audit report       url: 'https://github.com/advisories/GHSA-67mh-4wv8-2f99',
285 silly audit report       title: 'esbuild enables any website to send any requests to the development server and read the response',
285 silly audit report       severity: 'moderate',
285 silly audit report       vulnerable_versions: '<=0.24.2',
285 silly audit report       cwe: [Array],
285 silly audit report       cvss: [Object]
285 silly audit report     }
285 silly audit report   ],
285 silly audit report   'react-router': [
285 silly audit report     {
285 silly audit report       id: 1124268,
285 silly audit report       url: 'https://github.com/advisories/GHSA-wrjc-x8rr-h8h6',
285 silly audit report       title: 'React Router: Open redirect via backslash in <Link> and useNavigate (CVE-2025-68470 bypass)',
285 silly audit report       severity: 'moderate',
285 silly audit report       vulnerable_versions: '>=6.0.0 <7.18.0',
285 silly audit report       cwe: [Array],
285 silly audit report       cvss: [Object]
285 silly audit report     },
285 silly audit report     {
285 silly audit report       id: 1124272,
285 silly audit report       url: 'https://github.com/advisories/GHSA-337j-9hxr-rhxg',
285 silly audit report       title: 'React Router: Arbitrary Constructor Injection via deserializeErrors() in React Router SSR Hydration',
285 silly audit report       severity: 'moderate',
285 silly audit report       vulnerable_versions: '>=6.4.0 <7.18.0',
285 silly audit report       cwe: [Array],
285 silly audit report       cvss: [Object]
285 silly audit report     }
285 silly audit report   ],
285 silly audit report   'react-router-dom': [
285 silly audit report     {
285 silly audit report       id: 1124270,
285 silly audit report       url: 'https://github.com/advisories/GHSA-jjmj-jmhj-qwj2',
285 silly audit report       title: 'React Router: Open redirect leading to XSS',
285 silly audit report       severity: 'moderate',
285 silly audit report       vulnerable_versions: '>=6.30.2 <=6.30.4',
285 silly audit report       cwe: [Array],
285 silly audit report       cvss: [Object]
285 silly audit report     }
285 silly audit report   ],
285 silly audit report   vite: [
285 silly audit report     {
285 silly audit report       id: 1120784,
285 silly audit report       url: 'https://github.com/advisories/GHSA-v6wh-96g9-6wx3',
285 silly audit report       title: 'launch-editor: NTLMv2 hash disclosure via UNC path handling on Windows',
285 silly audit report       severity: 'moderate',
285 silly audit report       vulnerable_versions: '<=6.4.2',
285 silly audit report       cwe: [Array],
285 silly audit report       cvss: [Object]
285 silly audit report     },
285 silly audit report     {
285 silly audit report       id: 1116229,
285 silly audit report       url: 'https://github.com/advisories/GHSA-4w7w-66w2-5vf9',
285 silly audit report       title: 'Vite Vulnerable to Path Traversal in Optimized Deps `.map` Handling',
285 silly audit report       severity: 'moderate',
285 silly audit report       vulnerable_versions: '<=6.4.1',
285 silly audit report       cwe: [Array],
285 silly audit report       cvss: [Object]
285 silly audit report     },
285 silly audit report     {
285 silly audit report       id: 1123525,
285 silly audit report       url: 'https://github.com/advisories/GHSA-fx2h-pf6j-xcff',
285 silly audit report       title: 'vite: `server.fs.deny` bypass on Windows alternate paths',
285 silly audit report       severity: 'high',
285 silly audit report       vulnerable_versions: '<=6.4.2',
285 silly audit report       cwe: [Array],
285 silly audit report       cvss: [Object]
285 silly audit report     }
285 silly audit report   ]
285 silly audit report }
286 silly packumentCache corgi:https://registry.npmjs.org/esbuild cache-miss
287 silly packumentCache corgi:https://registry.npmjs.org/react-router cache-miss
288 silly packumentCache corgi:https://registry.npmjs.org/react-router-dom cache-miss
289 silly packumentCache corgi:https://registry.npmjs.org/vite cache-miss
290 http fetch GET 200 https://registry.npmjs.org/@types/use-sync-external-store/-/use-sync-external-store-0.0.3.tgz 345ms (cache miss)
291 http fetch GET 200 https://registry.npmjs.org/esbuild 93ms (cache miss)
292 silly packumentCache corgi:https://registry.npmjs.org/esbuild set size:undefined disposed:false
293 http fetch GET 200 https://registry.npmjs.org/react-router-dom 122ms (cache miss)
294 silly packumentCache corgi:https://registry.npmjs.org/react-router-dom set size:undefined disposed:false
295 http fetch GET 200 https://registry.npmjs.org/react-router 168ms (cache miss)
296 silly packumentCache corgi:https://registry.npmjs.org/react-router set size:undefined disposed:false
297 http fetch GET 200 https://registry.npmjs.org/vite 226ms (cache miss)
298 silly packumentCache corgi:https://registry.npmjs.org/vite set size:undefined disposed:false
299 silly packumentCache corgi:https://registry.npmjs.org/@vitejs%2fplugin-react cache-miss
300 http fetch GET 200 https://registry.npmjs.org/@vitejs%2fplugin-react 75ms (cache miss)
301 silly packumentCache corgi:https://registry.npmjs.org/@vitejs%2fplugin-react set size:undefined disposed:false
302 http fetch GET 200 https://registry.npmjs.org/@reduxjs/toolkit/-/toolkit-1.9.7.tgz 1318ms (cache miss)
303 silly ADD node_modules/csstype
304 silly ADD node_modules/@types/prop-types
305 silly ADD node_modules/use-sync-external-store
306 silly ADD node_modules/react-is
307 silly ADD node_modules/hoist-non-react-statics
308 silly ADD node_modules/hoist-non-react-statics/node_modules/react-is
309 silly ADD node_modules/@types/use-sync-external-store
310 silly ADD node_modules/@types/react
311 silly ADD node_modules/@types/hoist-non-react-statics
312 silly ADD node_modules/@babel/runtime
313 silly ADD node_modules/reselect
314 silly ADD node_modules/redux-thunk
315 silly ADD node_modules/redux
316 silly ADD node_modules/immer
317 silly ADD node_modules/react-redux
318 silly ADD node_modules/@reduxjs/toolkit
319 silly ADD node_modules/fsevents
320 silly ADD node_modules/@rollup/rollup-win32-x64-msvc
321 silly ADD node_modules/@rollup/rollup-win32-x64-gnu
322 silly ADD node_modules/@rollup/rollup-win32-ia32-msvc
323 silly ADD node_modules/@rollup/rollup-win32-arm64-msvc
324 silly ADD node_modules/@rollup/rollup-openharmony-arm64
325 silly ADD node_modules/@rollup/rollup-openbsd-x64
326 silly ADD node_modules/@rollup/rollup-linux-x64-musl
327 silly ADD node_modules/@rollup/rollup-linux-x64-gnu
328 silly ADD node_modules/@rollup/rollup-linux-s390x-gnu
329 silly ADD node_modules/@rollup/rollup-linux-riscv64-musl
330 silly ADD node_modules/@rollup/rollup-linux-riscv64-gnu
331 silly ADD node_modules/@rollup/rollup-linux-ppc64-musl
332 silly ADD node_modules/@rollup/rollup-linux-ppc64-gnu
333 silly ADD node_modules/@rollup/rollup-linux-loong64-musl
334 silly ADD node_modules/@rollup/rollup-linux-loong64-gnu
335 silly ADD node_modules/@rollup/rollup-linux-arm64-musl
336 silly ADD node_modules/@rollup/rollup-linux-arm64-gnu
337 silly ADD node_modules/@rollup/rollup-linux-arm-musleabihf
338 silly ADD node_modules/@rollup/rollup-linux-arm-gnueabihf
339 silly ADD node_modules/@rollup/rollup-freebsd-x64
340 silly ADD node_modules/@rollup/rollup-freebsd-arm64
341 silly ADD node_modules/@rollup/rollup-darwin-x64
342 silly ADD node_modules/@rollup/rollup-android-arm64
343 silly ADD node_modules/@rollup/rollup-android-arm-eabi
344 silly ADD node_modules/@esbuild/win32-x64
345 silly ADD node_modules/@esbuild/win32-ia32
346 silly ADD node_modules/@esbuild/win32-arm64
347 silly ADD node_modules/@esbuild/sunos-x64
348 silly ADD node_modules/@esbuild/openbsd-x64
349 silly ADD node_modules/@esbuild/netbsd-x64
350 silly ADD node_modules/@esbuild/linux-x64
351 silly ADD node_modules/@esbuild/linux-s390x
352 silly ADD node_modules/@esbuild/linux-riscv64
353 silly ADD node_modules/@esbuild/linux-ppc64
354 silly ADD node_modules/@esbuild/linux-mips64el
355 silly ADD node_modules/@esbuild/linux-loong64
356 silly ADD node_modules/@esbuild/linux-ia32
357 silly ADD node_modules/@esbuild/linux-arm64
358 silly ADD node_modules/@esbuild/linux-arm
359 silly ADD node_modules/@esbuild/freebsd-x64
360 silly ADD node_modules/@esbuild/freebsd-arm64
361 silly ADD node_modules/@esbuild/darwin-x64
362 silly ADD node_modules/@esbuild/android-x64
363 silly ADD node_modules/@esbuild/android-arm64
364 silly ADD node_modules/@esbuild/android-arm
365 silly ADD node_modules/@esbuild/aix-ppc64
366 verbose cwd /Users/suhaasbandari/Desktop/Projects/html demo/product-catalog-react
367 verbose os Darwin 24.0.0
368 verbose node v24.8.0
369 verbose npm  v11.6.0
370 notice
370 notice New [33mminor[39m version of npm available! [33m11.6.0[39m -> [34m11.18.0[39m
370 notice Changelog: [34mhttps://github.com/npm/cli/releases/tag/v11.18.0[39m
370 notice To update run: [4mnpm install -g npm@11.18.0[24m
370 notice  { force: true, Symbol(proc-log.meta): true }
371 verbose exit 0
372 info ok
